21:39:47 **** Incremental Build of configuration Debug for project BLINK_C6T6 ****
make -j12 all 
arm-none-eabi-gcc "../Core/Src/main.c" -mcpu=cortex-m3 -std=gnu11 -g3 -DDEBUG -DUSE_HAL_DRIVER -DSTM32F103x6 -c -I../Core/Inc -I../Drivers/STM32F1xx_HAL_Driver/Inc/Legacy -I../Drivers/STM32F1xx_HAL_Driver/Inc -I../Drivers/CMSIS/Device/ST/STM32F1xx/Include -I../Drivers/CMSIS/Include -O0 -ffunction-sections -fdata-sections -Wall -fstack-usage -fcyclomatic-complexity -MMD -MP -MF"Core/Src/main.d" -MT"Core/Src/main.o" --specs=nano.specs -mfloat-abi=soft -mthumb -o "Core/Src/main.o"
arm-none-eabi-gcc -o "BLINK_C6T6.elf" @"objects.list"   -mcpu=cortex-m3 -T"/home/bhavan/Documents/STM32/BLINK_C6T6/STM32F103C6TX_FLASH.ld" --specs=nosys.specs -Wl,-Map="BLINK_C6T6.map" -Wl,--gc-sections -static --specs=nano.specs -mfloat-abi=soft -mthumb -Wl,--start-group -lc -lm -Wl,--end-group
Finished building target: BLINK_C6T6.elf
 
arm-none-eabi-size  BLINK_C6T6.elf 
arm-none-eabi-objdump -h -S BLINK_C6T6.elf  > "BLINK_C6T6.list"
   text	   data	    bss	    dec	    hex	filename
   4600	     12	   1572	   6184	   1828	BLINK_C6T6.elf
Finished building: default.size.stdout
 
Finished building: BLINK_C6T6.list
 

21:39:47 Build Finished. 0 errors, 0 warnings. (took 385ms)

